\BOOKMARK [1][-]{section.1}{\376\377\000R\000e\000v\000i\000e\000w\000e\000r\000\040\000w\000q\000w\000f\000\040\040\024\000\040\000O\000v\000e\000r\000a\000l\000l\000:\000\040\0003\000\040\000\050\000W\000e\000a\000k\000\040\000R\000e\000j\000e\000c\000t\000\051\000,\000\040\000C\000o\000n\000f\000i\000d\000e\000n\000c\000e\000:\000\040\0004}{}% 1
\BOOKMARK [2][-]{subsection.1.1}{\376\377\000S\000u\000m\000m\000a\000r\000y\000\040\000/\000\040\144\130\211\201}{section.1}% 2
\BOOKMARK [2][-]{subsection.1.2}{\376\377\000S\000t\000r\000e\000n\000g\000t\000h\000s\000\040\000A\000n\000d\000\040\000W\000e\000a\000k\000n\000e\000s\000s\000e\000s\000\040\000/\000\040\117\030\160\271\116\016\177\072\160\271}{section.1}% 3
\BOOKMARK [2][-]{subsection.1.3}{\376\377\000K\000e\000y\000\040\000Q\000u\000e\000s\000t\000i\000o\000n\000s\000\040\000F\000o\000r\000\040\000A\000u\000t\000h\000o\000r\000s\000\040\000/\000\040\117\134\200\005\227\000\126\336\173\124\166\204\121\163\225\056\225\356\230\230}{section.1}% 4
\BOOKMARK [2][-]{subsection.1.4}{\376\377\000L\000i\000m\000i\000t\000a\000t\000i\000o\000n\000s\000\040\000/\000\040\134\100\226\120\140\047}{section.1}% 5
\BOOKMARK [2][-]{subsection.1.5}{\376\377\000O\000v\000e\000r\000a\000l\000l\000\040\000R\000e\000c\000o\000m\000m\000e\000n\000d\000a\000t\000i\000o\000n\000\040\000/\000\040\140\073\117\123\143\250\203\120}{section.1}% 6
\BOOKMARK [1][-]{section.2}{\376\377\000R\000e\000v\000i\000e\000w\000e\000r\000\040\000o\000o\000N\000F\000\040\040\024\000\040\000O\000v\000e\000r\000a\000l\000l\000:\000\040\0004\000\040\000\050\000W\000e\000a\000k\000\040\000A\000c\000c\000e\000p\000t\000\051\000,\000\040\000C\000o\000n\000f\000i\000d\000e\000n\000c\000e\000:\000\040\0003}{}% 7
\BOOKMARK [2][-]{subsection.2.1}{\376\377\000S\000u\000m\000m\000a\000r\000y\000\040\000/\000\040\144\130\211\201}{section.2}% 8
\BOOKMARK [2][-]{subsection.2.2}{\376\377\000S\000t\000r\000e\000n\000g\000t\000h\000s\000\040\000A\000n\000d\000\040\000W\000e\000a\000k\000n\000e\000s\000s\000e\000s\000\040\000/\000\040\117\030\160\271\116\016\177\072\160\271}{section.2}% 9
\BOOKMARK [2][-]{subsection.2.3}{\376\377\000K\000e\000y\000\040\000Q\000u\000e\000s\000t\000i\000o\000n\000s\000\040\000F\000o\000r\000\040\000A\000u\000t\000h\000o\000r\000s\000\040\000/\000\040\117\134\200\005\227\000\126\336\173\124\166\204\121\163\225\056\225\356\230\230}{section.2}% 10
\BOOKMARK [2][-]{subsection.2.4}{\376\377\000O\000v\000e\000r\000a\000l\000l\000\040\000R\000e\000c\000o\000m\000m\000e\000n\000d\000a\000t\000i\000o\000n\000\040\000/\000\040\140\073\117\123\143\250\203\120}{section.2}% 11
\BOOKMARK [1][-]{section.3}{\376\377\000R\000e\000v\000i\000e\000w\000e\000r\000\040\0002\000G\0002\000B\000\040\040\024\000\040\000O\000v\000e\000r\000a\000l\000l\000:\000\040\0005\000\040\000\050\000A\000c\000c\000e\000p\000t\000\051\000,\000\040\000C\000o\000n\000f\000i\000d\000e\000n\000c\000e\000:\000\040\0003}{}% 12
\BOOKMARK [2][-]{subsection.3.1}{\376\377\000S\000u\000m\000m\000a\000r\000y\000\040\000/\000\040\144\130\211\201}{section.3}% 13
\BOOKMARK [2][-]{subsection.3.2}{\376\377\000S\000t\000r\000e\000n\000g\000t\000h\000s\000\040\000A\000n\000d\000\040\000W\000e\000a\000k\000n\000e\000s\000s\000e\000s\000\040\000/\000\040\117\030\160\271\116\016\177\072\160\271}{section.3}% 14
\BOOKMARK [2][-]{subsection.3.3}{\376\377\000K\000e\000y\000\040\000Q\000u\000e\000s\000t\000i\000o\000n\000s\000\040\000F\000o\000r\000\040\000A\000u\000t\000h\000o\000r\000s\000\040\000/\000\040\117\134\200\005\227\000\126\336\173\124\166\204\121\163\225\056\225\356\230\230}{section.3}% 15
\BOOKMARK [2][-]{subsection.3.4}{\376\377\000O\000v\000e\000r\000a\000l\000l\000\040\000R\000e\000c\000o\000m\000m\000e\000n\000d\000a\000t\000i\000o\000n\000\040\000/\000\040\140\073\117\123\143\250\203\120}{section.3}% 16
\BOOKMARK [1][-]{section.4}{\376\377\000R\000e\000v\000i\000e\000w\000e\000r\000\040\000d\000F\000i\0009\000\040\040\024\000\040\000O\000v\000e\000r\000a\000l\000l\000:\000\040\0005\000\040\000\050\000A\000c\000c\000e\000p\000t\000\051\000,\000\040\000C\000o\000n\000f\000i\000d\000e\000n\000c\000e\000:\000\040\0004}{}% 17
\BOOKMARK [2][-]{subsection.4.1}{\376\377\000S\000u\000m\000m\000a\000r\000y\000\040\000/\000\040\144\130\211\201}{section.4}% 18
\BOOKMARK [2][-]{subsection.4.2}{\376\377\000S\000t\000r\000e\000n\000g\000t\000h\000s\000\040\000A\000n\000d\000\040\000W\000e\000a\000k\000n\000e\000s\000s\000e\000s\000\040\000/\000\040\117\030\160\271\116\016\177\072\160\271}{section.4}% 19
\BOOKMARK [2][-]{subsection.4.3}{\376\377\000K\000e\000y\000\040\000Q\000u\000e\000s\000t\000i\000o\000n\000s\000\040\000F\000o\000r\000\040\000A\000u\000t\000h\000o\000r\000s\000\040\000/\000\040\117\134\200\005\227\000\126\336\173\124\166\204\121\163\225\056\225\356\230\230}{section.4}% 20
\BOOKMARK [2][-]{subsection.4.4}{\376\377\000L\000i\000m\000i\000t\000a\000t\000i\000o\000n\000s\000\040\000/\000\040\134\100\226\120\140\047}{section.4}% 21
\BOOKMARK [2][-]{subsection.4.5}{\376\377\000O\000v\000e\000r\000a\000l\000l\000\040\000R\000e\000c\000o\000m\000m\000e\000n\000d\000a\000t\000i\000o\000n\000\040\000/\000\040\140\073\117\123\143\250\203\120}{section.4}% 22
\BOOKMARK [1][-]{section.5}{\376\377\000R\000e\000v\000i\000e\000w\000e\000r\000\040\000D\0002\000T\000u\000\040\040\024\000\040\000O\000v\000e\000r\000a\000l\000l\000:\000\040\0003\000\040\000\050\000W\000e\000a\000k\000\040\000R\000e\000j\000e\000c\000t\000\051\000,\000\040\000C\000o\000n\000f\000i\000d\000e\000n\000c\000e\000:\000\040\0003}{}% 23
\BOOKMARK [2][-]{subsection.5.1}{\376\377\000S\000u\000m\000m\000a\000r\000y\000\040\000/\000\040\144\130\211\201}{section.5}% 24
\BOOKMARK [2][-]{subsection.5.2}{\376\377\000S\000t\000r\000e\000n\000g\000t\000h\000s\000\040\000A\000n\000d\000\040\000W\000e\000a\000k\000n\000e\000s\000s\000e\000s\000\040\000/\000\040\117\030\160\271\116\016\177\072\160\271}{section.5}% 25
\BOOKMARK [3][-]{subsubsection.5.2.1}{\376\377\000S\000t\000r\000e\000n\000g\000t\000h\000s\000\040\000/\000\040\117\030\160\271}{subsection.5.2}% 26
\BOOKMARK [3][-]{subsubsection.5.2.2}{\376\377\000W\000e\000a\000k\000n\000e\000s\000s\000e\000s\000\040\000/\000\040\177\072\160\271}{subsection.5.2}% 27
\BOOKMARK [2][-]{subsection.5.3}{\376\377\000K\000e\000y\000\040\000Q\000u\000e\000s\000t\000i\000o\000n\000s\000\040\000F\000o\000r\000\040\000A\000u\000t\000h\000o\000r\000s\000\040\000/\000\040\117\134\200\005\227\000\126\336\173\124\166\204\121\163\225\056\225\356\230\230}{section.5}% 28
\BOOKMARK [2][-]{subsection.5.4}{\376\377\000L\000i\000m\000i\000t\000a\000t\000i\000o\000n\000s\000\040\000/\000\040\134\100\226\120\140\047}{section.5}% 29
\BOOKMARK [2][-]{subsection.5.5}{\376\377\000O\000v\000e\000r\000a\000l\000l\000\040\000R\000e\000c\000o\000m\000m\000e\000n\000d\000a\000t\000i\000o\000n\000\040\000/\000\040\140\073\117\123\143\250\203\120}{section.5}% 30
